{
    "magicNumber": 1920090714,
    "version": 1,
    "offset": 1048,
    "fileTimeAsMicroseconds": 18353641,
    "fileTimeAsSeconds": 18,
    "fileTimeAsMinutes": 0,
    "player": 0,
    "flagsSize": 0,
    "worldSize": 622,
    "worldDatabase": {
        "colors": [],
        "textures": [],
        "materials": [],
        "physicsDrivers": [],
        "transforms": [],
        "obstacles": [
            [
                {
                    "objectType": 0,
                    "position": [
                        0,
                        400,
                        0
                    ],
                    "size": [
                        -1,
                        400,
                        6.149999618530273
                    ],
                    "angle": 4.71238899230957,
                    "rotation": 270.00000068324533,
                    "width": -1,
                    "breadth": 400,
                    "height": 6.149999618530273
                },
                {
                    "objectType": 0,
                    "position": [
                        400,
                        0,
                        0
                    ],
                    "size": [
                        -1,
                        400,
                        6.149999618530273
                    ],
                    "angle": 3.1415927410125732,
                    "rotation": 180.00000500895632,
                    "width": -1,
                    "breadth": 400,
                    "height": 6.149999618530273
                },
                {
                    "objectType": 0,
                    "position": [
                        0,
                        -400,
                        0
                    ],
                    "size": [
                        -1,
                        400,
                        6.149999618530273
                    ],
                    "angle": 1.5707963705062866,
                    "rotation": 90.00000250447816,
                    "width": -1,
                    "breadth": 400,
                    "height": 6.149999618530273
                },
                {
                    "objectType": 0,
                    "position": [
                        -400,
                        0,
                        0
                    ],
                    "size": [
                        -1,
                        400,
                        6.149999618530273
                    ],
                    "angle": 0,
                    "rotation": 0,
                    "width": -1,
                    "breadth": 400,
                    "height": 6.149999618530273
                }
            ],
            [
                {
                    "objectType": 1,
                    "position": [
                        -136.78927612304688,
                        156.9766082763672,
                        0
                    ],
                    "size": [
                        30,
                        30,
                        9.420000076293945
                    ],
                    "angle": 1.7985963821411133,
                    "rotation": 103.05198174418479,
                    "width": 30,
                    "breadth": 30,
                    "height": 9.420000076293945
                },
                {
                    "objectType": 1,
                    "position": [
                        -158.59934997558594,
                        -181.62010192871094,
                        0
                    ],
                    "size": [
                        30,
                        30,
                        9.420000076293945
                    ],
                    "angle": 3.2145466804504395,
                    "rotation": 184.1799578375991,
                    "width": 30,
                    "breadth": 30,
                    "height": 9.420000076293945
                },
                {
                    "objectType": 1,
                    "position": [
                        389.528564453125,
                        290.295166015625,
                        0
                    ],
                    "size": [
                        30,
                        30,
                        9.420000076293945
                    ],
                    "angle": 4.867403030395508,
                    "rotation": 278.88165083084976,
                    "width": 30,
                    "breadth": 30,
                    "height": 9.420000076293945
                },
                {
                    "objectType": 1,
                    "position": [
                        -381.624755859375,
                        -109.5865478515625,
                        0
                    ],
                    "size": [
                        30,
                        30,
                        9.420000076293945
                    ],
                    "angle": 3.718383550643921,
                    "rotation": 213.04768406276628,
                    "width": 30,
                    "breadth": 30,
                    "height": 9.420000076293945
                },
                {
                    "objectType": 1,
                    "position": [
                        -221.948486328125,
                        253.30523681640625,
                        0
                    ],
                    "size": [
                        30,
                        30,
                        9.420000076293945
                    ],
                    "angle": 0.5449414849281311,
                    "rotation": 31.222847167973875,
                    "width": 30,
                    "breadth": 30,
                    "height": 9.420000076293945
                },
                {
                    "objectType": 1,
                    "position": [
                        -27.640199661254883,
                        310.94244384765625,
                        0
                    ],
                    "size": [
                        30,
                        30,
                        9.420000076293945
                    ],
                    "angle": 2.9503958225250244,
                    "rotation": 169.04522852371295,
                    "width": 30,
                    "breadth": 30,
                    "height": 9.420000076293945
                },
                {
                    "objectType": 1,
                    "position": [
                        -347.03826904296875,
                        103.354736328125,
                        0
                    ],
                    "size": [
                        30,
                        30,
                        9.420000076293945
                    ],
                    "angle": 4.631928443908691,
                    "rotation": 265.38995084256686,
                    "width": 30,
                    "breadth": 30,
                    "height": 9.420000076293945
                },
                {
                    "objectType": 1,
                    "position": [
                        -346.72857666015625,
                        157.26861572265625,
                        0
                    ],
                    "size": [
                        30,
                        30,
                        9.420000076293945
                    ],
                    "angle": 2.213449716567993,
                    "rotation": 126.8213269237743,
                    "width": 30,
                    "breadth": 30,
                    "height": 9.420000076293945
                },
                {
                    "objectType": 1,
                    "position": [
                        129.00714111328125,
                        67.74320983886719,
                        0
                    ],
                    "size": [
                        30,
                        30,
                        9.420000076293945
                    ],
                    "angle": 5.2986979484558105,
                    "rotation": 303.59302936114574,
                    "width": 30,
                    "breadth": 30,
                    "height": 9.420000076293945
                },
                {
                    "objectType": 1,
                    "position": [
                        105.12828826904297,
                        -121.6470718383789,
                        0
                    ],
                    "size": [
                        30,
                        30,
                        9.420000076293945
                    ],
                    "angle": 6.209283351898193,
                    "rotation": 355.76572986461167,
                    "width": 30,
                    "breadth": 30,
                    "height": 9.420000076293945
                },
                {
                    "objectType": 1,
                    "position": [
                        -137.89515686035156,
                        107.35736083984375,
                        0
                    ],
                    "size": [
                        30,
                        30,
                        9.420000076293945
                    ],
                    "angle": 0.040439680218696594,
                    "rotation": 2.317023001389997,
                    "width": 30,
                    "breadth": 30,
                    "height": 9.420000076293945
                },
                {
                    "objectType": 1,
                    "position": [
                        80.48477172851562,
                        -283.3538513183594,
                        0
                    ],
                    "size": [
                        30,
                        30,
                        9.420000076293945
                    ],
                    "angle": 2.107692003250122,
                    "rotation": 120.76185629970578,
                    "width": 30,
                    "breadth": 30,
                    "height": 9.420000076293945
                }
            ],
            [
                {
                    "zFlip": false,
                    "objectType": 2,
                    "position": [
                        99.28889465332031,
                        -29.220081329345703,
                        0
                    ],
                    "size": [
                        8.199999809265137,
                        8.199999809265137,
                        10.25
                    ],
                    "angle": 5.783539295196533,
                    "rotation": 331.3723922628281,
                    "width": 8.199999809265137,
                    "breadth": 8.199999809265137,
                    "height": 10.25
                },
                {
                    "zFlip": false,
                    "objectType": 2,
                    "position": [
                        117.66414642333984,
                        261.193359375,
                        0
                    ],
                    "size": [
                        8.199999809265137,
                        8.199999809265137,
                        10.25
                    ],
                    "angle": 3.2187376022338867,
                    "rotation": 184.42007996806004,
                    "width": 8.199999809265137,
                    "breadth": 8.199999809265137,
                    "height": 10.25
                },
                {
                    "zFlip": false,
                    "objectType": 2,
                    "position": [
                        295.7156677246094,
                        114.49861145019531,
                        0
                    ],
                    "size": [
                        8.199999809265137,
                        8.199999809265137,
                        10.25
                    ],
                    "angle": 3.763679027557373,
                    "rotation": 215.64292372093934,
                    "width": 8.199999809265137,
                    "breadth": 8.199999809265137,
                    "height": 10.25
                },
                {
                    "zFlip": false,
                    "objectType": 2,
                    "position": [
                        -131.924560546875,
                        25.44112205505371,
                        0
                    ],
                    "size": [
                        8.199999809265137,
                        8.199999809265137,
                        10.25
                    ],
                    "angle": 0.43088969588279724,
                    "rotation": 24.688161009759845,
                    "width": 8.199999809265137,
                    "breadth": 8.199999809265137,
                    "height": 10.25
                },
                {
                    "zFlip": false,
                    "objectType": 2,
                    "position": [
                        -78.96279907226562,
                        -271.20416259765625,
                        0
                    ],
                    "size": [
                        8.199999809265137,
                        8.199999809265137,
                        10.25
                    ],
                    "angle": 5.0628180503845215,
                    "rotation": 290.07810672968486,
                    "width": 8.199999809265137,
                    "breadth": 8.199999809265137,
                    "height": 10.25
                },
                {
                    "zFlip": false,
                    "objectType": 2,
                    "position": [
                        -25.691390991210938,
                        286.0644836425781,
                        0
                    ],
                    "size": [
                        8.199999809265137,
                        8.199999809265137,
                        10.25
                    ],
                    "angle": 0.993082582950592,
                    "rotation": 56.89944071101941,
                    "width": 8.199999809265137,
                    "breadth": 8.199999809265137,
                    "height": 10.25
                },
                {
                    "zFlip": false,
                    "objectType": 2,
                    "position": [
                        -296.68426513671875,
                        -46.19231414794922,
                        0
                    ],
                    "size": [
                        8.199999809265137,
                        8.199999809265137,
                        10.25
                    ],
                    "angle": 0.00859532505273819,
                    "rotation": 0.49247584906496,
                    "width": 8.199999809265137,
                    "breadth": 8.199999809265137,
                    "height": 10.25
                },
                {
                    "zFlip": false,
                    "objectType": 2,
                    "position": [
                        208.44403076171875,
                        232.16061401367188,
                        0
                    ],
                    "size": [
                        8.199999809265137,
                        8.199999809265137,
                        10.25
                    ],
                    "angle": 6.217878818511963,
                    "rotation": 356.25821382452625,
                    "width": 8.199999809265137,
                    "breadth": 8.199999809265137,
                    "height": 10.25
                },
                {
                    "zFlip": false,
                    "objectType": 2,
                    "position": [
                        -329.4511413574219,
                        -60.482025146484375,
                        0
                    ],
                    "size": [
                        8.199999809265137,
                        8.199999809265137,
                        10.25
                    ],
                    "angle": 6.2583184242248535,
                    "rotation": 358.575232557048,
                    "width": 8.199999809265137,
                    "breadth": 8.199999809265137,
                    "height": 10.25
                },
                {
                    "zFlip": false,
                    "objectType": 2,
                    "position": [
                        151.0336456298828,
                        56.1640739440918,
                        0
                    ],
                    "size": [
                        8.199999809265137,
                        8.199999809265137,
                        10.25
                    ],
                    "angle": 2.082824945449829,
                    "rotation": 119.33707883884112,
                    "width": 8.199999809265137,
                    "breadth": 8.199999809265137,
                    "height": 10.25
                },
                {
                    "zFlip": false,
                    "objectType": 2,
                    "position": [
                        -278.18646240234375,
                        -7.452797889709473,
                        0
                    ],
                    "size": [
                        8.199999809265137,
                        8.199999809265137,
                        10.25
                    ],
                    "angle": 6.086472988128662,
                    "rotation": 348.72921434015115,
                    "width": 8.199999809265137,
                    "breadth": 8.199999809265137,
                    "height": 10.25
                },
                {
                    "zFlip": false,
                    "objectType": 2,
                    "position": [
                        383.00689697265625,
                        -397.63037109375,
                        0
                    ],
                    "size": [
                        8.199999809265137,
                        8.199999809265137,
                        10.25
                    ],
                    "angle": 3.724693775177002,
                    "rotation": 213.40923329629172,
                    "width": 8.199999809265137,
                    "breadth": 8.199999809265137,
                    "height": 10.25
                },
                {
                    "zFlip": false,
                    "objectType": 2,
                    "position": [
                        97.50552368164062,
                        81.57611083984375,
                        0
                    ],
                    "size": [
                        8.199999809265137,
                        8.199999809265137,
                        10.25
                    ],
                    "angle": 1.5072330236434937,
                    "rotation": 86.35809099751401,
                    "width": 8.199999809265137,
                    "breadth": 8.199999809265137,
                    "height": 10.25
                },
                {
                    "zFlip": false,
                    "objectType": 2,
                    "position": [
                        -277.0533447265625,
                        136.43870544433594,
                        0
                    ],
                    "size": [
                        8.199999809265137,
                        8.199999809265137,
                        10.25
                    ],
                    "angle": 0.6881857514381409,
                    "rotation": 39.4301390784446,
                    "width": 8.199999809265137,
                    "breadth": 8.199999809265137,
                    "height": 10.25
                },
                {
                    "zFlip": false,
                    "objectType": 2,
                    "position": [
                        -148.25753784179688,
                        -18.943286895751953,
                        0
                    ],
                    "size": [
                        8.199999809265137,
                        8.199999809265137,
                        10.25
                    ],
                    "angle": 2.7936453819274902,
                    "rotation": 160.06408984065814,
                    "width": 8.199999809265137,
                    "breadth": 8.199999809265137,
                    "height": 10.25
                },
                {
                    "zFlip": false,
                    "objectType": 2,
                    "position": [
                        -262.19305419921875,
                        107.49993133544922,
                        0
                    ],
                    "size": [
                        8.199999809265137,
                        8.199999809265137,
                        10.25
                    ],
                    "angle": 5.315065383911133,
                    "rotation": 304.5308143341885,
                    "width": 8.199999809265137,
                    "breadth": 8.199999809265137,
                    "height": 10.25
                },
                {
                    "zFlip": false,
                    "objectType": 2,
                    "position": [
                        91.6146240234375,
                        108.59432220458984,
                        0
                    ],
                    "size": [
                        8.199999809265137,
                        8.199999809265137,
                        10.25
                    ],
                    "angle": 1.9716932773590088,
                    "rotation": 112.96970328698843,
                    "width": 8.199999809265137,
                    "breadth": 8.199999809265137,
                    "height": 10.25
                },
                {
                    "zFlip": false,
                    "objectType": 2,
                    "position": [
                        -76.2247543334961,
                        100.27919006347656,
                        0
                    ],
                    "size": [
                        8.199999809265137,
                        8.199999809265137,
                        10.25
                    ],
                    "angle": 2.7831332683563232,
                    "rotation": 159.4617900992681,
                    "width": 8.199999809265137,
                    "breadth": 8.199999809265137,
                    "height": 10.25
                },
                {
                    "zFlip": false,
                    "objectType": 2,
                    "position": [
                        263.293212890625,
                        97.113037109375,
                        0
                    ],
                    "size": [
                        8.199999809265137,
                        8.199999809265137,
                        10.25
                    ],
                    "angle": 1.278656005859375,
                    "rotation": 73.26159258479724,
                    "width": 8.199999809265137,
                    "breadth": 8.199999809265137,
                    "height": 10.25
                },
                {
                    "zFlip": false,
                    "objectType": 2,
                    "position": [
                        -80.54270935058594,
                        362.3065490722656,
                        0
                    ],
                    "size": [
                        8.199999809265137,
                        8.199999809265137,
                        10.25
                    ],
                    "angle": 1.8327454328536987,
                    "rotation": 105.00857822439414,
                    "width": 8.199999809265137,
                    "breadth": 8.199999809265137,
                    "height": 10.25
                },
                {
                    "zFlip": false,
                    "objectType": 2,
                    "position": [
                        312.0045166015625,
                        337.2603759765625,
                        0
                    ],
                    "size": [
                        8.199999809265137,
                        8.199999809265137,
                        10.25
                    ],
                    "angle": 6.160553455352783,
                    "rotation": 352.9737124564505,
                    "width": 8.199999809265137,
                    "breadth": 8.199999809265137,
                    "height": 10.25
                },
                {
                    "zFlip": false,
                    "objectType": 2,
                    "position": [
                        314.3741149902344,
                        11.503124237060547,
                        0
                    ],
                    "size": [
                        8.199999809265137,
                        8.199999809265137,
                        10.25
                    ],
                    "angle": 0.834089457988739,
                    "rotation": 47.78980567910913,
                    "width": 8.199999809265137,
                    "breadth": 8.199999809265137,
                    "height": 10.25
                },
                {
                    "zFlip": false,
                    "objectType": 2,
                    "position": [
                        -4.0497541427612305,
                        203.4099578857422,
                        0
                    ],
                    "size": [
                        8.199999809265137,
                        8.199999809265137,
                        10.25
                    ],
                    "angle": 0.700626015663147,
                    "rotation": 40.14291371456503,
                    "width": 8.199999809265137,
                    "breadth": 8.199999809265137,
                    "height": 10.25
                }
            ],
            [],
            [],
            [],
            [],
            [],
            [],
            []
        ],
        "groups": [],
        "hash": "b75bb1ccd2532428d04f6dfb7afb6f4498096819"
    },
    "callsign": "012345678901234567890123456789#",
    "motto": "",
    "serverVersion": "BZFS0221",
    "appVersion": "2.4.19.20200425-DEVEL-linux-gnu-SDL2",
    "realHash": "t9098b6ba526db1c345d5c627044ccc68",
    "length": {
        "asSeconds": 18,
        "days": 0,
        "hours": 0,
        "minutes": 0,
        "seconds": 18,
        "usecs": 353641
    }
}
