{
    "magicNumber": 1920090714,
    "version": 1,
    "offset": 1048,
    "fileTimeAsMicroseconds": 18353641,
    "fileTimeAsSeconds": 18,
    "fileTimeAsMinutes": 0,
    "player": 0,
    "flagsSize": 0,
    "worldSize": 622,
    "world": {
        "colors": {
            "colors": []
        },
        "textures": {
            "textures": []
        },
        "materials": {
            "materials": []
        },
        "physicsDrivers": {
            "physicsDriver": []
        },
        "transforms": [],
        "obstacles": {
            "world": {
                "name": "",
                "lists": [
                    [
                        {
                            "objectType": 0,
                            "position": [
                                0,
                                400,
                                0
                            ],
                            "size": [
                                -1,
                                400,
                                6.149999618530273
                            ],
                            "rotation": 4.71238899230957,
                            "width": -1,
                            "breadth": 400,
                            "height": 6.149999618530273
                        },
                        {
                            "objectType": 0,
                            "position": [
                                400,
                                0,
                                0
                            ],
                            "size": [
                                -1,
                                400,
                                6.149999618530273
                            ],
                            "rotation": 3.1415927410125732,
                            "width": -1,
                            "breadth": 400,
                            "height": 6.149999618530273
                        },
                        {
                            "objectType": 0,
                            "position": [
                                0,
                                -400,
                                0
                            ],
                            "size": [
                                -1,
                                400,
                                6.149999618530273
                            ],
                            "rotation": 1.5707963705062866,
                            "width": -1,
                            "breadth": 400,
                            "height": 6.149999618530273
                        },
                        {
                            "objectType": 0,
                            "position": [
                                -400,
                                0,
                                0
                            ],
                            "size": [
                                -1,
                                400,
                                6.149999618530273
                            ],
                            "rotation": 0,
                            "width": -1,
                            "breadth": 400,
                            "height": 6.149999618530273
                        }
                    ],
                    [
                        {
                            "objectType": 1,
                            "position": [
                                -136.78927612304688,
                                156.9766082763672,
                                0
                            ],
                            "size": [
                                30,
                                30,
                                9.420000076293945
                            ],
                            "rotation": 1.7985963821411133,
                            "width": 30,
                            "breadth": 30,
                            "height": 9.420000076293945
                        },
                        {
                            "objectType": 1,
                            "position": [
                                -158.59934997558594,
                                -181.62010192871094,
                                0
                            ],
                            "size": [
                                30,
                                30,
                                9.420000076293945
                            ],
                            "rotation": 3.2145466804504395,
                            "width": 30,
                            "breadth": 30,
                            "height": 9.420000076293945
                        },
                        {
                            "objectType": 1,
                            "position": [
                                389.528564453125,
                                290.295166015625,
                                0
                            ],
                            "size": [
                                30,
                                30,
                                9.420000076293945
                            ],
                            "rotation": 4.867403030395508,
                            "width": 30,
                            "breadth": 30,
                            "height": 9.420000076293945
                        },
                        {
                            "objectType": 1,
                            "position": [
                                -381.624755859375,
                                -109.5865478515625,
                                0
                            ],
                            "size": [
                                30,
                                30,
                                9.420000076293945
                            ],
                            "rotation": 3.718383550643921,
                            "width": 30,
                            "breadth": 30,
                            "height": 9.420000076293945
                        },
                        {
                            "objectType": 1,
                            "position": [
                                -221.948486328125,
                                253.30523681640625,
                                0
                            ],
                            "size": [
                                30,
                                30,
                                9.420000076293945
                            ],
                            "rotation": 0.5449414849281311,
                            "width": 30,
                            "breadth": 30,
                            "height": 9.420000076293945
                        },
                        {
                            "objectType": 1,
                            "position": [
                                -27.640199661254883,
                                310.94244384765625,
                                0
                            ],
                            "size": [
                                30,
                                30,
                                9.420000076293945
                            ],
                            "rotation": 2.9503958225250244,
                            "width": 30,
                            "breadth": 30,
                            "height": 9.420000076293945
                        },
                        {
                            "objectType": 1,
                            "position": [
                                -347.03826904296875,
                                103.354736328125,
                                0
                            ],
                            "size": [
                                30,
                                30,
                                9.420000076293945
                            ],
                            "rotation": 4.631928443908691,
                            "width": 30,
                            "breadth": 30,
                            "height": 9.420000076293945
                        },
                        {
                            "objectType": 1,
                            "position": [
                                -346.72857666015625,
                                157.26861572265625,
                                0
                            ],
                            "size": [
                                30,
                                30,
                                9.420000076293945
                            ],
                            "rotation": 2.213449716567993,
                            "width": 30,
                            "breadth": 30,
                            "height": 9.420000076293945
                        },
                        {
                            "objectType": 1,
                            "position": [
                                129.00714111328125,
                                67.74320983886719,
                                0
                            ],
                            "size": [
                                30,
                                30,
                                9.420000076293945
                            ],
                            "rotation": 5.2986979484558105,
                            "width": 30,
                            "breadth": 30,
                            "height": 9.420000076293945
                        },
                        {
                            "objectType": 1,
                            "position": [
                                105.12828826904297,
                                -121.6470718383789,
                                0
                            ],
                            "size": [
                                30,
                                30,
                                9.420000076293945
                            ],
                            "rotation": 6.209283351898193,
                            "width": 30,
                            "breadth": 30,
                            "height": 9.420000076293945
                        },
                        {
                            "objectType": 1,
                            "position": [
                                -137.89515686035156,
                                107.35736083984375,
                                0
                            ],
                            "size": [
                                30,
                                30,
                                9.420000076293945
                            ],
                            "rotation": 0.040439680218696594,
                            "width": 30,
                            "breadth": 30,
                            "height": 9.420000076293945
                        },
                        {
                            "objectType": 1,
                            "position": [
                                80.48477172851562,
                                -283.3538513183594,
                                0
                            ],
                            "size": [
                                30,
                                30,
                                9.420000076293945
                            ],
                            "rotation": 2.107692003250122,
                            "width": 30,
                            "breadth": 30,
                            "height": 9.420000076293945
                        }
                    ],
                    [
                        {
                            "zFlip": false,
                            "objectType": 2,
                            "position": [
                                99.28889465332031,
                                -29.220081329345703,
                                0
                            ],
                            "size": [
                                8.199999809265137,
                                8.199999809265137,
                                10.25
                            ],
                            "rotation": 5.783539295196533,
                            "width": 8.199999809265137,
                            "breadth": 8.199999809265137,
                            "height": 10.25
                        },
                        {
                            "zFlip": false,
                            "objectType": 2,
                            "position": [
                                117.66414642333984,
                                261.193359375,
                                0
                            ],
                            "size": [
                                8.199999809265137,
                                8.199999809265137,
                                10.25
                            ],
                            "rotation": 3.2187376022338867,
                            "width": 8.199999809265137,
                            "breadth": 8.199999809265137,
                            "height": 10.25
                        },
                        {
                            "zFlip": false,
                            "objectType": 2,
                            "position": [
                                295.7156677246094,
                                114.49861145019531,
                                0
                            ],
                            "size": [
                                8.199999809265137,
                                8.199999809265137,
                                10.25
                            ],
                            "rotation": 3.763679027557373,
                            "width": 8.199999809265137,
                            "breadth": 8.199999809265137,
                            "height": 10.25
                        },
                        {
                            "zFlip": false,
                            "objectType": 2,
                            "position": [
                                -131.924560546875,
                                25.44112205505371,
                                0
                            ],
                            "size": [
                                8.199999809265137,
                                8.199999809265137,
                                10.25
                            ],
                            "rotation": 0.43088969588279724,
                            "width": 8.199999809265137,
                            "breadth": 8.199999809265137,
                            "height": 10.25
                        },
                        {
                            "zFlip": false,
                            "objectType": 2,
                            "position": [
                                -78.96279907226562,
                                -271.20416259765625,
                                0
                            ],
                            "size": [
                                8.199999809265137,
                                8.199999809265137,
                                10.25
                            ],
                            "rotation": 5.0628180503845215,
                            "width": 8.199999809265137,
                            "breadth": 8.199999809265137,
                            "height": 10.25
                        },
                        {
                            "zFlip": false,
                            "objectType": 2,
                            "position": [
                                -25.691390991210938,
                                286.0644836425781,
                                0
                            ],
                            "size": [
                                8.199999809265137,
                                8.199999809265137,
                                10.25
                            ],
                            "rotation": 0.993082582950592,
                            "width": 8.199999809265137,
                            "breadth": 8.199999809265137,
                            "height": 10.25
                        },
                        {
                            "zFlip": false,
                            "objectType": 2,
                            "position": [
                                -296.68426513671875,
                                -46.19231414794922,
                                0
                            ],
                            "size": [
                                8.199999809265137,
                                8.199999809265137,
                                10.25
                            ],
                            "rotation": 0.00859532505273819,
                            "width": 8.199999809265137,
                            "breadth": 8.199999809265137,
                            "height": 10.25
                        },
                        {
                            "zFlip": false,
                            "objectType": 2,
                            "position": [
                                208.44403076171875,
                                232.16061401367188,
                                0
                            ],
                            "size": [
                                8.199999809265137,
                                8.199999809265137,
                                10.25
                            ],
                            "rotation": 6.217878818511963,
                            "width": 8.199999809265137,
                            "breadth": 8.199999809265137,
                            "height": 10.25
                        },
                        {
                            "zFlip": false,
                            "objectType": 2,
                            "position": [
                                -329.4511413574219,
                                -60.482025146484375,
                                0
                            ],
                            "size": [
                                8.199999809265137,
                                8.199999809265137,
                                10.25
                            ],
                            "rotation": 6.2583184242248535,
                            "width": 8.199999809265137,
                            "breadth": 8.199999809265137,
                            "height": 10.25
                        },
                        {
                            "zFlip": false,
                            "objectType": 2,
                            "position": [
                                151.0336456298828,
                                56.1640739440918,
                                0
                            ],
                            "size": [
                                8.199999809265137,
                                8.199999809265137,
                                10.25
                            ],
                            "rotation": 2.082824945449829,
                            "width": 8.199999809265137,
                            "breadth": 8.199999809265137,
                            "height": 10.25
                        },
                        {
                            "zFlip": false,
                            "objectType": 2,
                            "position": [
                                -278.18646240234375,
                                -7.452797889709473,
                                0
                            ],
                            "size": [
                                8.199999809265137,
                                8.199999809265137,
                                10.25
                            ],
                            "rotation": 6.086472988128662,
                            "width": 8.199999809265137,
                            "breadth": 8.199999809265137,
                            "height": 10.25
                        },
                        {
                            "zFlip": false,
                            "objectType": 2,
                            "position": [
                                383.00689697265625,
                                -397.63037109375,
                                0
                            ],
                            "size": [
                                8.199999809265137,
                                8.199999809265137,
                                10.25
                            ],
                            "rotation": 3.724693775177002,
                            "width": 8.199999809265137,
                            "breadth": 8.199999809265137,
                            "height": 10.25
                        },
                        {
                            "zFlip": false,
                            "objectType": 2,
                            "position": [
                                97.50552368164062,
                                81.57611083984375,
                                0
                            ],
                            "size": [
                                8.199999809265137,
                                8.199999809265137,
                                10.25
                            ],
                            "rotation": 1.5072330236434937,
                            "width": 8.199999809265137,
                            "breadth": 8.199999809265137,
                            "height": 10.25
                        },
                        {
                            "zFlip": false,
                            "objectType": 2,
                            "position": [
                                -277.0533447265625,
                                136.43870544433594,
                                0
                            ],
                            "size": [
                                8.199999809265137,
                                8.199999809265137,
                                10.25
                            ],
                            "rotation": 0.6881857514381409,
                            "width": 8.199999809265137,
                            "breadth": 8.199999809265137,
                            "height": 10.25
                        },
                        {
                            "zFlip": false,
                            "objectType": 2,
                            "position": [
                                -148.25753784179688,
                                -18.943286895751953,
                                0
                            ],
                            "size": [
                                8.199999809265137,
                                8.199999809265137,
                                10.25
                            ],
                            "rotation": 2.7936453819274902,
                            "width": 8.199999809265137,
                            "breadth": 8.199999809265137,
                            "height": 10.25
                        },
                        {
                            "zFlip": false,
                            "objectType": 2,
                            "position": [
                                -262.19305419921875,
                                107.49993133544922,
                                0
                            ],
                            "size": [
                                8.199999809265137,
                                8.199999809265137,
                                10.25
                            ],
                            "rotation": 5.315065383911133,
                            "width": 8.199999809265137,
                            "breadth": 8.199999809265137,
                            "height": 10.25
                        },
                        {
                            "zFlip": false,
                            "objectType": 2,
                            "position": [
                                91.6146240234375,
                                108.59432220458984,
                                0
                            ],
                            "size": [
                                8.199999809265137,
                                8.199999809265137,
                                10.25
                            ],
                            "rotation": 1.9716932773590088,
                            "width": 8.199999809265137,
                            "breadth": 8.199999809265137,
                            "height": 10.25
                        },
                        {
                            "zFlip": false,
                            "objectType": 2,
                            "position": [
                                -76.2247543334961,
                                100.27919006347656,
                                0
                            ],
                            "size": [
                                8.199999809265137,
                                8.199999809265137,
                                10.25
                            ],
                            "rotation": 2.7831332683563232,
                            "width": 8.199999809265137,
                            "breadth": 8.199999809265137,
                            "height": 10.25
                        },
                        {
                            "zFlip": false,
                            "objectType": 2,
                            "position": [
                                263.293212890625,
                                97.113037109375,
                                0
                            ],
                            "size": [
                                8.199999809265137,
                                8.199999809265137,
                                10.25
                            ],
                            "rotation": 1.278656005859375,
                            "width": 8.199999809265137,
                            "breadth": 8.199999809265137,
                            "height": 10.25
                        },
                        {
                            "zFlip": false,
                            "objectType": 2,
                            "position": [
                                -80.54270935058594,
                                362.3065490722656,
                                0
                            ],
                            "size": [
                                8.199999809265137,
                                8.199999809265137,
                                10.25
                            ],
                            "rotation": 1.8327454328536987,
                            "width": 8.199999809265137,
                            "breadth": 8.199999809265137,
                            "height": 10.25
                        },
                        {
                            "zFlip": false,
                            "objectType": 2,
                            "position": [
                                312.0045166015625,
                                337.2603759765625,
                                0
                            ],
                            "size": [
                                8.199999809265137,
                                8.199999809265137,
                                10.25
                            ],
                            "rotation": 6.160553455352783,
                            "width": 8.199999809265137,
                            "breadth": 8.199999809265137,
                            "height": 10.25
                        },
                        {
                            "zFlip": false,
                            "objectType": 2,
                            "position": [
                                314.3741149902344,
                                11.503124237060547,
                                0
                            ],
                            "size": [
                                8.199999809265137,
                                8.199999809265137,
                                10.25
                            ],
                            "rotation": 0.834089457988739,
                            "width": 8.199999809265137,
                            "breadth": 8.199999809265137,
                            "height": 10.25
                        },
                        {
                            "zFlip": false,
                            "objectType": 2,
                            "position": [
                                -4.0497541427612305,
                                203.4099578857422,
                                0
                            ],
                            "size": [
                                8.199999809265137,
                                8.199999809265137,
                                10.25
                            ],
                            "rotation": 0.700626015663147,
                            "width": 8.199999809265137,
                            "breadth": 8.199999809265137,
                            "height": 10.25
                        }
                    ]
                ],
                "groups": []
            },
            "groupDefinitions": []
        }
    },
    "callsign": "012345678901234567890123456789#",
    "motto": "",
    "serverVersion": "BZFS0221",
    "appVersion": "2.4.19.20200425-DEVEL-linux-gnu-SDL2",
    "realHash": "t9098b6ba526db1c345d5c627044ccc68",
    "length": {
        "asSeconds": 18,
        "days": 0,
        "hours": 0,
        "minutes": 0,
        "seconds": 18,
        "usecs": 353641
    }
}
